// Jest Snapshot v1, https://goo.gl/fbAQLP

exports[`The snapshot matches 1`] = `
<div>
  <section
    class="ant-layout layout"
  >
    <header
      class="ant-layout-header layout__header"
    >
      <h1>
        Technical test - Woztell
      </h1>
    </header>
    <section
      class="ant-layout"
    >
      <main
        class="ant-layout-content layout__main"
      >
        <div
          class="loading-container"
        >
          <div
            aria-busy="true"
            aria-live="polite"
            class="ant-spin ant-spin-lg ant-spin-spinning"
          >
            <span
              class="ant-spin-dot ant-spin-dot-spin"
            >
              <i
                class="ant-spin-dot-item"
              />
              <i
                class="ant-spin-dot-item"
              />
              <i
                class="ant-spin-dot-item"
              />
              <i
                class="ant-spin-dot-item"
              />
            </span>
          </div>
        </div>
      </main>
    </section>
    <footer
      class="ant-layout-footer layout__footer"
    >
      Â© 2022 - Gianfranco Manganiello
    </footer>
  </section>
</div>
`;
